[2026-05-03 11:17:12.487] [INIT].... → Crawl4AI 0.8.6 
[2026-05-03 11:17:13.331] [FETCH]... ↓ https://example.com                                                                                  | ✓ | ⏱: 0.84s 
[2026-05-03 11:17:13.352] [SCRAPE].. ◆ https://example.com                                                                                  | ✓ | ⏱: 0.01s 
[2026-05-03 11:17:13.365] [COMPLETE] ● https://example.com                                                                                  | ✓ | ⏱: 0.88s 
[2026-05-03 11:17:35.929] [INIT].... → Crawl4AI 0.8.6 
[2026-05-03 11:17:41.596] [FETCH]... ↓ https://www.99acres.com/property-in-bangalore-ffid                                                   | ✓ | ⏱: 5.66s 
[2026-05-03 11:17:41.795] [SCRAPE].. ◆ https://www.99acres.com/property-in-bangalore-ffid                                                   | ✓ | ⏱: 0.19s 
[2026-05-03 11:17:41.862] [COMPLETE] ● https://www.99acres.com/property-in-bangalore-ffid                                                   | ✓ | ⏱: 5.92s 
[2026-05-03 11:17:51.572] [INIT].... → Crawl4AI 0.8.6 
[2026-05-03 11:17:55.068] [FETCH]... ↓ https://www.nobroker.in/property/sale/bangalore/bangalore                                            | ✓ | ⏱: 3.49s 
[2026-05-03 11:17:55.085] [SCRAPE].. ◆ https://www.nobroker.in/property/sale/bangalore/bangalore                                            | ✓ | ⏱: 0.01s 
[2026-05-03 11:17:55.102] [COMPLETE] ● https://www.nobroker.in/property/sale/bangalore/bangalore                                            | ✓ | ⏱: 3.52s 
[2026-05-03 11:18:04.822] [INIT].... → Crawl4AI 0.8.6 
[2026-05-03 11:18:07.858] [FETCH]... ↓ https://housing.com/in/buy/bangalore/bangalore                                                       | ✓ | ⏱: 3.02s 
[2026-05-03 11:18:07.871] [SCRAPE].. ◆ https://housing.com/in/buy/bangalore/bangalore                                                       | ✓ | ⏱: 0.00s 
[2026-05-03 11:18:07.885] [COMPLETE] ● https://housing.com/in/buy/bangalore/bangalore                                                       | ✓ | ⏱: 3.05s 
[2026-05-03 11:18:17.548] [INIT].... → Crawl4AI 0.8.6 
[2026-05-03 11:18:23.560] [FETCH]... ↓ https://www.makaan.com/bangalore-residential-property/buy-property-in-bangalore-city                 | ✓ | ⏱: 6.00s 
[2026-05-03 11:18:23.571] [SCRAPE].. ◆ https://www.makaan.com/bangalore-residential-property/buy-property-in-bangalore-city                 | ✓ | ⏱: 0.00s 
[2026-05-03 11:18:23.584] [COMPLETE] ● https://www.makaan.com/bangalore-residential-property/buy-property-in-bangalore-city                 | ✗ | ⏱: 6.02s 
[2026-05-03 11:18:33.220] [INIT].... → Crawl4AI 0.8.6 
[2026-05-03 11:18:37.176] [FETCH]... ↓ https://www.magicbricks.com/property-for-sale-rent-in-Bangalore/residential-real-estate-Bangalore    | ✓ | ⏱: 3.94s 
[2026-05-03 11:18:37.356] [SCRAPE].. ◆ https://www.magicbricks.com/property-for-sale-rent-in-Bangalore/residential-real-estate-Bangalore    | ✓ | ⏱: 0.17s 
[2026-05-03 11:18:37.420] [COMPLETE] ● https://www.magicbricks.com/property-for-sale-rent-in-Bangalore/residential-real-estate-Bangalore    | ✓ | ⏱: 4.19s 
[2026-05-03 11:18:59.589] [INIT].... → Crawl4AI 0.8.6 
[2026-05-03 11:19:03.480] [FETCH]... ↓ https://www.99acres.com/property-in-bangalore-ffid                                                   | ✓ | ⏱: 3.88s 
[2026-05-03 11:19:03.712] [SCRAPE].. ◆ https://www.99acres.com/property-in-bangalore-ffid                                                   | ✓ | ⏱: 0.22s 
[2026-05-03 11:19:03.775] [COMPLETE] ● https://www.99acres.com/property-in-bangalore-ffid                                                   | ✓ | ⏱: 4.17s 
[2026-05-03 11:19:13.306] [INIT].... → Crawl4AI 0.8.6 
[2026-05-03 11:19:17.482] [FETCH]... ↓ https://www.magicbricks.com/property-for-sale-rent-in-Bangalore/residential-real-estate-Bangalore    | ✓ | ⏱: 4.16s 
[2026-05-03 11:19:17.664] [SCRAPE].. ◆ https://www.magicbricks.com/property-for-sale-rent-in-Bangalore/residential-real-estate-Bangalore    | ✓ | ⏱: 0.17s 
[2026-05-03 11:19:17.739] [COMPLETE] ● https://www.magicbricks.com/property-for-sale-rent-in-Bangalore/residential-real-estate-Bangalore    | ✓ | ⏱: 4.42s 
[2026-05-03 11:31:21.084] [INIT].... → Crawl4AI 0.8.6 
[2026-05-03 11:32:05.733] [INIT].... → Crawl4AI 0.8.6 
[2026-05-03 11:32:09.003] [FETCH]... ↓ https://www.nobroker.in/property/sale/bangalore/bangalore                                            | ✓ | ⏱: 3.25s 
[2026-05-03 11:32:09.026] [SCRAPE].. ◆ https://www.nobroker.in/property/sale/bangalore/bangalore                                            | ✓ | ⏱: 0.01s 
[2026-05-03 11:32:09.051] [COMPLETE] ● https://www.nobroker.in/property/sale/bangalore/bangalore                                            | ✓ | ⏱: 3.30s 
[2026-05-03 11:32:26.458] [INIT].... → Crawl4AI 0.8.6 
[2026-05-03 11:32:32.630] [FETCH]... ↓ https://housing.com/in/buy/bangalore/bangalore                                                       | ✓ | ⏱: 6.15s 
[2026-05-03 11:32:32.651] [SCRAPE].. ◆ https://housing.com/in/buy/bangalore/bangalore                                                       | ✓ | ⏱: 0.00s 
[2026-05-03 11:32:32.686] [COMPLETE] ● https://housing.com/in/buy/bangalore/bangalore                                                       | ✓ | ⏱: 6.21s 
[2026-05-03 11:33:27.437] [INIT].... → Crawl4AI 0.8.6 
[2026-05-03 11:33:30.969] [FETCH]... ↓ https://www.nobroker.in/property/sale/bangalore/bangalore                                            | ✓ | ⏱: 3.51s 
[2026-05-03 11:33:30.993] [SCRAPE].. ◆ https://www.nobroker.in/property/sale/bangalore/bangalore                                            | ✓ | ⏱: 0.01s 
[2026-05-03 11:33:31.015] [COMPLETE] ● https://www.nobroker.in/property/sale/bangalore/bangalore                                            | ✓ | ⏱: 3.56s 
[2026-05-11 19:40:52.376] [INIT].... → Crawl4AI 0.8.6 
[2026-05-11 19:40:58.364] [FETCH]... ↓ https://www.magicbricks.com/property-for-sale-rent-in-Bangalore/residential-real-estate-Bangalore    | ✓ | ⏱: 5.95s 
[2026-05-11 19:40:58.579] [SCRAPE].. ◆ https://www.magicbricks.com/property-for-sale-rent-in-Bangalore/residential-real-estate-Bangalore    | ✓ | ⏱: 0.20s 
[2026-05-11 19:40:58.644] [COMPLETE] ● https://www.magicbricks.com/property-for-sale-rent-in-Bangalore/residential-real-estate-Bangalore    | ✓ | ⏱: 6.25s 
[2026-05-11 19:41:00.713] [INIT].... → Crawl4AI 0.8.6 
[2026-05-11 19:41:05.963] [FETCH]... ↓ https://www.99acres.com/property-in-bangalore-ffid                                                   | ✓ | ⏱: 5.23s 
[2026-05-11 19:41:06.145] [SCRAPE].. ◆ https://www.99acres.com/property-in-bangalore-ffid                                                   | ✓ | ⏱: 0.16s 
[2026-05-11 19:41:06.222] [COMPLETE] ● https://www.99acres.com/property-in-bangalore-ffid                                                   | ✓ | ⏱: 5.49s 
[2026-05-11 19:41:09.071] [INIT].... → Crawl4AI 0.8.6 
[2026-05-11 19:41:14.708] [FETCH]... ↓ https://housing.com/in/buy/bangalore/bangalore                                                       | ✓ | ⏱: 5.62s 
[2026-05-11 19:41:14.726] [SCRAPE].. ◆ https://housing.com/in/buy/bangalore/bangalore                                                       | ✓ | ⏱: 0.00s 
[2026-05-11 19:41:14.742] [COMPLETE] ● https://housing.com/in/buy/bangalore/bangalore                                                       | ✓ | ⏱: 5.65s 
[2026-05-11 19:41:16.462] [INIT].... → Crawl4AI 0.8.6 
[2026-05-11 19:41:20.749] [FETCH]... ↓ https://www.nobroker.in/property/sale/bangalore/bangalore                                            | ✓ | ⏱: 4.27s 
[2026-05-11 19:41:20.770] [SCRAPE].. ◆ https://www.nobroker.in/property/sale/bangalore/bangalore                                            | ✓ | ⏱: 0.00s 
[2026-05-11 19:41:20.795] [COMPLETE] ● https://www.nobroker.in/property/sale/bangalore/bangalore                                            | ✓ | ⏱: 4.31s 
[2026-05-11 19:41:22.859] [INIT].... → Crawl4AI 0.8.6 
[2026-05-11 19:41:30.869] [FETCH]... ↓ https://www.makaan.com/bangalore-residential-property/buy-property-in-bangalore-city                 | ✓ | ⏱: 7.99s 
[2026-05-11 19:41:30.886] [SCRAPE].. ◆ https://www.makaan.com/bangalore-residential-property/buy-property-in-bangalore-city                 | ✓ | ⏱: 0.00s 
[2026-05-11 19:41:30.904] [COMPLETE] ● https://www.makaan.com/bangalore-residential-property/buy-property-in-bangalore-city                 | ✗ | ⏱: 8.03s 
[2026-05-11 19:43:17.476] [INIT].... → Crawl4AI 0.8.6 
[2026-05-11 19:43:23.460] [FETCH]... ↓ https://www.magicbricks.com/property-for-sale-rent-in-Bangalore/residential-real-estate-Bangalore    | ✓ | ⏱: 5.96s 
[2026-05-11 19:43:23.672] [SCRAPE].. ◆ https://www.magicbricks.com/property-for-sale-rent-in-Bangalore/residential-real-estate-Bangalore    | ✓ | ⏱: 0.19s 
[2026-05-11 19:43:23.737] [COMPLETE] ● https://www.magicbricks.com/property-for-sale-rent-in-Bangalore/residential-real-estate-Bangalore    | ✓ | ⏱: 6.24s 
[2026-05-11 19:43:26.766] [INIT].... → Crawl4AI 0.8.6 
[2026-05-11 19:43:32.012] [FETCH]... ↓ https://www.99acres.com/property-in-bangalore-ffid                                                   | ✓ | ⏱: 5.23s 
[2026-05-11 19:43:32.218] [SCRAPE].. ◆ https://www.99acres.com/property-in-bangalore-ffid                                                   | ✓ | ⏱: 0.19s 
[2026-05-11 19:43:32.290] [COMPLETE] ● https://www.99acres.com/property-in-bangalore-ffid                                                   | ✓ | ⏱: 5.51s 
[2026-05-11 19:43:34.635] [INIT].... → Crawl4AI 0.8.6 
[2026-05-11 19:43:39.632] [FETCH]... ↓ https://housing.com/in/buy/bangalore/bangalore                                                       | ✓ | ⏱: 4.98s 
[2026-05-11 19:43:39.651] [SCRAPE].. ◆ https://housing.com/in/buy/bangalore/bangalore                                                       | ✓ | ⏱: 0.00s 
[2026-05-11 19:43:39.666] [COMPLETE] ● https://housing.com/in/buy/bangalore/bangalore                                                       | ✓ | ⏱: 5.02s 
[2026-05-11 19:43:41.710] [INIT].... → Crawl4AI 0.8.6 
[2026-05-11 19:43:46.778] [FETCH]... ↓ https://www.nobroker.in/property/sale/bangalore/bangalore                                            | ✓ | ⏱: 5.05s 
[2026-05-11 19:43:46.806] [SCRAPE].. ◆ https://www.nobroker.in/property/sale/bangalore/bangalore                                            | ✓ | ⏱: 0.00s 
[2026-05-11 19:43:46.830] [COMPLETE] ● https://www.nobroker.in/property/sale/bangalore/bangalore                                            | ✓ | ⏱: 5.10s 
[2026-05-11 19:43:48.754] [INIT].... → Crawl4AI 0.8.6 
[2026-05-11 19:43:55.808] [FETCH]... ↓ https://www.makaan.com/bangalore-residential-property/buy-property-in-bangalore-city                 | ✓ | ⏱: 7.04s 
[2026-05-11 19:43:55.827] [SCRAPE].. ◆ https://www.makaan.com/bangalore-residential-property/buy-property-in-bangalore-city                 | ✓ | ⏱: 0.00s 
[2026-05-11 19:43:55.841] [COMPLETE] ● https://www.makaan.com/bangalore-residential-property/buy-property-in-bangalore-city                 | ✗ | ⏱: 7.07s 
[2026-05-11 19:46:36.215] [INIT].... → Crawl4AI 0.8.6 
[2026-05-11 19:46:41.749] [FETCH]... ↓ https://www.magicbricks.com/property-for-sale-rent-in-Bangalore/residential-real-estate-Bangalore    | ✓ | ⏱: 5.52s 
[2026-05-11 19:46:41.909] [SCRAPE].. ◆ https://www.magicbricks.com/property-for-sale-rent-in-Bangalore/residential-real-estate-Bangalore    | ✓ | ⏱: 0.14s 
[2026-05-11 19:46:41.973] [COMPLETE] ● https://www.magicbricks.com/property-for-sale-rent-in-Bangalore/residential-real-estate-Bangalore    | ✓ | ⏱: 5.76s 
[2026-05-11 19:46:45.322] [INIT].... → Crawl4AI 0.8.6 
[2026-05-11 19:46:51.400] [FETCH]... ↓ https://www.magicbricks.com/property-for-sale-rent-in-Bangalore/residential-real-estate-Bangalore    | ✓ | ⏱: 6.05s 
[2026-05-11 19:46:51.904] [SCRAPE].. ◆ https://www.magicbricks.com/property-for-sale-rent-in-Bangalore/residential-real-estate-Bangalore    | ✓ | ⏱: 0.45s 
[2026-05-11 19:47:32.929] [EXTRACT]. ■ https://www.magicbricks.com/property-for-sale-rent-in-Bangalore/residential-real-estate-Bangalore    | ✓ | ⏱: 40.97s 
[2026-05-11 19:47:33.005] [COMPLETE] ● https://www.magicbricks.com/property-for-sale-rent-in-Bangalore/residential-real-estate-Bangalore    | ✓ | ⏱: 47.66s 
[2026-05-11 19:47:37.681] [INIT].... → Crawl4AI 0.8.6 
[2026-05-11 19:47:44.802] [FETCH]... ↓ https://www.99acres.com/property-in-bangalore-ffid                                                   | ✓ | ⏱: 7.10s 
[2026-05-11 19:47:45.327] [SCRAPE].. ◆ https://www.99acres.com/property-in-bangalore-ffid                                                   | ✓ | ⏱: 0.48s 
[2026-05-11 19:47:45.437] [COMPLETE] ● https://www.99acres.com/property-in-bangalore-ffid                                                   | ✓ | ⏱: 7.73s 
[2026-05-11 19:47:48.673] [INIT].... → Crawl4AI 0.8.6 
[2026-05-11 19:47:54.767] [FETCH]... ↓ https://www.99acres.com/property-in-bangalore-ffid                                                   | ✓ | ⏱: 6.07s 
[2026-05-11 19:47:55.637] [SCRAPE].. ◆ https://www.99acres.com/property-in-bangalore-ffid                                                   | ✓ | ⏱: 0.82s 
[2026-05-11 19:47:56.560] [EXTRACT]. ■ https://www.99acres.com/property-in-bangalore-ffid                                                   | ✓ | ⏱: 0.85s 
[2026-05-11 19:47:56.727] [COMPLETE] ● https://www.99acres.com/property-in-bangalore-ffid                                                   | ✓ | ⏱: 8.03s 
[2026-05-11 19:47:59.499] [INIT].... → Crawl4AI 0.8.6 
[2026-05-11 19:48:03.534] [ANTIBOT]. ℹ https://housing.com/in/buy/bangalore/bangalore     | Error: Proxy direct failed: Failed on navigating ACS-GOTO:
Page.goto: net::ERR_PROXY_CONNECTION_FAILED at https://housing.com/in/buy/bangalore/bangalore
Call log:
  - navigating to "https://housing.com/in/buy/bangalore/bangalore", waiting until "domcontentloaded"
 
[2026-05-11 19:48:03.611] [ERROR]... × https://housing.com/in/buy/bangalore/bangalore     | Error: Unexpected error in _crawl_web at line 778 in _crawl_web (..\crawl4ai\crawl4ai\async_crawler_strategy.py):
Error: Failed on navigating ACS-GOTO:
Page.goto: net::ERR_PROXY_CONNECTION_FAILED at https://housing.com/in/buy/bangalore/bangalore
Call log:
  - navigating to "https://housing.com/in/buy/bangalore/bangalore", waiting until "domcontentloaded"


Code context:
 773                                   tag="GOTO",
 774                                   params={"url": url},
 775                               )
 776                               response = None
 777                           else:
 778 →                             raise RuntimeError(f"Failed on navigating ACS-GOTO:\n{str(e)}")
 779   
 780                       # ──────────────────────────────────────────────────────────────
 781                       # Walk the redirect chain.  Playwright returns only the last
 782                       # hop, so we trace the `request.redirected_from` links until the
 783                       # first response that differs from the final one and surface its 
[2026-05-11 19:48:06.077] [INIT].... → Crawl4AI 0.8.6 
[2026-05-11 19:48:10.147] [ANTIBOT]. ℹ https://housing.com/in/buy/bangalore/bangalore     | Error: Proxy direct failed: Failed on navigating ACS-GOTO:
Page.goto: net::ERR_PROXY_CONNECTION_FAILED at https://housing.com/in/buy/bangalore/bangalore
Call log:
  - navigating to "https://housing.com/in/buy/bangalore/bangalore", waiting until "domcontentloaded"
 
[2026-05-11 19:48:10.234] [ERROR]... × https://housing.com/in/buy/bangalore/bangalore     | Error: Unexpected error in _crawl_web at line 778 in _crawl_web (..\crawl4ai\crawl4ai\async_crawler_strategy.py):
Error: Failed on navigating ACS-GOTO:
Page.goto: net::ERR_PROXY_CONNECTION_FAILED at https://housing.com/in/buy/bangalore/bangalore
Call log:
  - navigating to "https://housing.com/in/buy/bangalore/bangalore", waiting until "domcontentloaded"


Code context:
 773                                   tag="GOTO",
 774                                   params={"url": url},
 775                               )
 776                               response = None
 777                           else:
 778 →                             raise RuntimeError(f"Failed on navigating ACS-GOTO:\n{str(e)}")
 779   
 780                       # ──────────────────────────────────────────────────────────────
 781                       # Walk the redirect chain.  Playwright returns only the last
 782                       # hop, so we trace the `request.redirected_from` links until the
 783                       # first response that differs from the final one and surface its 
[2026-05-11 19:48:12.788] [INIT].... → Crawl4AI 0.8.6 
[2026-05-11 19:48:17.711] [ANTIBOT]. ℹ https://housing.com/in/buy/bangalore/bangalore     | Error: Proxy direct failed: Failed on navigating ACS-GOTO:
Page.goto: net::ERR_PROXY_CONNECTION_FAILED at https://housing.com/in/buy/bangalore/bangalore
Call log:
  - navigating to "https://housing.com/in/buy/bangalore/bangalore", waiting until "domcontentloaded"
 
[2026-05-11 19:48:17.777] [ERROR]... × https://housing.com/in/buy/bangalore/bangalore     | Error: Unexpected error in _crawl_web at line 778 in _crawl_web (..\crawl4ai\crawl4ai\async_crawler_strategy.py):
Error: Failed on navigating ACS-GOTO:
Page.goto: net::ERR_PROXY_CONNECTION_FAILED at https://housing.com/in/buy/bangalore/bangalore
Call log:
  - navigating to "https://housing.com/in/buy/bangalore/bangalore", waiting until "domcontentloaded"


Code context:
 773                                   tag="GOTO",
 774                                   params={"url": url},
 775                               )
 776                               response = None
 777                           else:
 778 →                             raise RuntimeError(f"Failed on navigating ACS-GOTO:\n{str(e)}")
 779   
 780                       # ──────────────────────────────────────────────────────────────
 781                       # Walk the redirect chain.  Playwright returns only the last
 782                       # hop, so we trace the `request.redirected_from` links until the
 783                       # first response that differs from the final one and surface its 
[2026-05-11 19:48:20.532] [INIT].... → Crawl4AI 0.8.6 
[2026-05-11 19:48:24.650] [ANTIBOT]. ℹ https://housing.com/in/buy/bangalore/bangalore     | Error: Proxy direct failed: Failed on navigating ACS-GOTO:
Page.goto: net::ERR_PROXY_CONNECTION_FAILED at https://housing.com/in/buy/bangalore/bangalore
Call log:
  - navigating to "https://housing.com/in/buy/bangalore/bangalore", waiting until "domcontentloaded"
 
[2026-05-11 19:48:24.737] [ERROR]... × https://housing.com/in/buy/bangalore/bangalore     | Error: Unexpected error in _crawl_web at line 778 in _crawl_web (..\crawl4ai\crawl4ai\async_crawler_strategy.py):
Error: Failed on navigating ACS-GOTO:
Page.goto: net::ERR_PROXY_CONNECTION_FAILED at https://housing.com/in/buy/bangalore/bangalore
Call log:
  - navigating to "https://housing.com/in/buy/bangalore/bangalore", waiting until "domcontentloaded"


Code context:
 773                                   tag="GOTO",
 774                                   params={"url": url},
 775                               )
 776                               response = None
 777                           else:
 778 →                             raise RuntimeError(f"Failed on navigating ACS-GOTO:\n{str(e)}")
 779   
 780                       # ──────────────────────────────────────────────────────────────
 781                       # Walk the redirect chain.  Playwright returns only the last
 782                       # hop, so we trace the `request.redirected_from` links until the
 783                       # first response that differs from the final one and surface its 
[2026-05-11 19:48:27.529] [INIT].... → Crawl4AI 0.8.6 
[2026-05-11 19:48:32.313] [ANTIBOT]. ℹ https://housing.com/in/buy/bangalore/bangalore     | Error: Proxy direct failed: Failed on navigating ACS-GOTO:
Page.goto: net::ERR_PROXY_CONNECTION_FAILED at https://housing.com/in/buy/bangalore/bangalore
Call log:
  - navigating to "https://housing.com/in/buy/bangalore/bangalore", waiting until "domcontentloaded"
 
[2026-05-11 19:48:32.382] [ERROR]... × https://housing.com/in/buy/bangalore/bangalore     | Error: Unexpected error in _crawl_web at line 778 in _crawl_web (..\crawl4ai\crawl4ai\async_crawler_strategy.py):
Error: Failed on navigating ACS-GOTO:
Page.goto: net::ERR_PROXY_CONNECTION_FAILED at https://housing.com/in/buy/bangalore/bangalore
Call log:
  - navigating to "https://housing.com/in/buy/bangalore/bangalore", waiting until "domcontentloaded"


Code context:
 773                                   tag="GOTO",
 774                                   params={"url": url},
 775                               )
 776                               response = None
 777                           else:
 778 →                             raise RuntimeError(f"Failed on navigating ACS-GOTO:\n{str(e)}")
 779   
 780                       # ──────────────────────────────────────────────────────────────
 781                       # Walk the redirect chain.  Playwright returns only the last
 782                       # hop, so we trace the `request.redirected_from` links until the
 783                       # first response that differs from the final one and surface its 
[2026-05-11 19:48:35.015] [INIT].... → Crawl4AI 0.8.6 
[2026-05-11 19:48:39.062] [ANTIBOT]. ℹ https://housing.com/in/buy/bangalore/bangalore     | Error: Proxy direct failed: Failed on navigating ACS-GOTO:
Page.goto: net::ERR_PROXY_CONNECTION_FAILED at https://housing.com/in/buy/bangalore/bangalore
Call log:
  - navigating to "https://housing.com/in/buy/bangalore/bangalore", waiting until "domcontentloaded"
 
[2026-05-11 19:48:39.141] [ERROR]... × https://housing.com/in/buy/bangalore/bangalore     | Error: Unexpected error in _crawl_web at line 778 in _crawl_web (..\crawl4ai\crawl4ai\async_crawler_strategy.py):
Error: Failed on navigating ACS-GOTO:
Page.goto: net::ERR_PROXY_CONNECTION_FAILED at https://housing.com/in/buy/bangalore/bangalore
Call log:
  - navigating to "https://housing.com/in/buy/bangalore/bangalore", waiting until "domcontentloaded"


Code context:
 773                                   tag="GOTO",
 774                                   params={"url": url},
 775                               )
 776                               response = None
 777                           else:
 778 →                             raise RuntimeError(f"Failed on navigating ACS-GOTO:\n{str(e)}")
 779   
 780                       # ──────────────────────────────────────────────────────────────
 781                       # Walk the redirect chain.  Playwright returns only the last
 782                       # hop, so we trace the `request.redirected_from` links until the
 783                       # first response that differs from the final one and surface its 
[2026-05-11 19:48:41.471] [INIT].... → Crawl4AI 0.8.6 
[2026-05-11 19:48:47.317] [FETCH]... ↓ https://www.nobroker.in/property/sale/bangalore/bangalore                                            | ✓ | ⏱: 5.82s 
[2026-05-11 19:48:47.388] [SCRAPE].. ◆ https://www.nobroker.in/property/sale/bangalore/bangalore                                            | ✓ | ⏱: 0.02s 
[2026-05-11 19:48:47.449] [COMPLETE] ● https://www.nobroker.in/property/sale/bangalore/bangalore                                            | ✓ | ⏱: 5.96s 
[2026-05-11 19:48:50.090] [INIT].... → Crawl4AI 0.8.6 
[2026-05-11 19:48:54.752] [FETCH]... ↓ https://www.nobroker.in/property/sale/bangalore/bangalore                                            | ✓ | ⏱: 4.63s 
[2026-05-11 19:48:54.803] [SCRAPE].. ◆ https://www.nobroker.in/property/sale/bangalore/bangalore                                            | ✓ | ⏱: 0.01s 
[2026-05-11 19:48:55.384] [EXTRACT]. ■ https://www.nobroker.in/property/sale/bangalore/bangalore                                            | ✓ | ⏱: 0.51s 
[2026-05-11 19:48:55.458] [COMPLETE] ● https://www.nobroker.in/property/sale/bangalore/bangalore                                            | ✓ | ⏱: 5.34s 
[2026-05-11 19:48:58.142] [INIT].... → Crawl4AI 0.8.6 
[2026-05-11 19:49:02.897] [ANTIBOT]. ℹ https://www.makaan.com/...perty-in-bangalore-city  | Error: Proxy direct failed: Failed on navigating ACS-GOTO:
Page.goto: net::ERR_PROXY_CONNECTION_FAILED at https://www.makaan.com/bangalore-residential-property/buy-property-in-bangalore-city
Call log:
  - navigating to "https://www.makaan.com/bangalore-residential-property/buy-property-in-bangalore-city", waiting until "domcontentloaded"
 
[2026-05-11 19:49:02.964] [ERROR]... × https://www.makaan.com/...perty-in-bangalore-city  | Error: Unexpected error in _crawl_web at line 778 in _crawl_web (..\crawl4ai\crawl4ai\async_crawler_strategy.py):
Error: Failed on navigating ACS-GOTO:
Page.goto: net::ERR_PROXY_CONNECTION_FAILED at https://www.makaan.com/bangalore-residential-property/buy-property-in-bangalore-city
Call log:
  - navigating to "https://www.makaan.com/bangalore-residential-property/buy-property-in-bangalore-city", waiting until "domcontentloaded"


Code context:
 773                                   tag="GOTO",
 774                                   params={"url": url},
 775                               )
 776                               response = None
 777                           else:
 778 →                             raise RuntimeError(f"Failed on navigating ACS-GOTO:\n{str(e)}")
 779   
 780                       # ──────────────────────────────────────────────────────────────
 781                       # Walk the redirect chain.  Playwright returns only the last
 782                       # hop, so we trace the `request.redirected_from` links until the
 783                       # first response that differs from the final one and surface its 
[2026-05-11 19:49:05.611] [INIT].... → Crawl4AI 0.8.6 
[2026-05-11 19:49:09.667] [ANTIBOT]. ℹ https://www.makaan.com/...perty-in-bangalore-city  | Error: Proxy direct failed: Failed on navigating ACS-GOTO:
Page.goto: net::ERR_PROXY_CONNECTION_FAILED at https://www.makaan.com/bangalore-residential-property/buy-property-in-bangalore-city
Call log:
  - navigating to "https://www.makaan.com/bangalore-residential-property/buy-property-in-bangalore-city", waiting until "domcontentloaded"
 
[2026-05-11 19:49:09.714] [ERROR]... × https://www.makaan.com/...perty-in-bangalore-city  | Error: Unexpected error in _crawl_web at line 778 in _crawl_web (..\crawl4ai\crawl4ai\async_crawler_strategy.py):
Error: Failed on navigating ACS-GOTO:
Page.goto: net::ERR_PROXY_CONNECTION_FAILED at https://www.makaan.com/bangalore-residential-property/buy-property-in-bangalore-city
Call log:
  - navigating to "https://www.makaan.com/bangalore-residential-property/buy-property-in-bangalore-city", waiting until "domcontentloaded"


Code context:
 773                                   tag="GOTO",
 774                                   params={"url": url},
 775                               )
 776                               response = None
 777                           else:
 778 →                             raise RuntimeError(f"Failed on navigating ACS-GOTO:\n{str(e)}")
 779   
 780                       # ──────────────────────────────────────────────────────────────
 781                       # Walk the redirect chain.  Playwright returns only the last
 782                       # hop, so we trace the `request.redirected_from` links until the
 783                       # first response that differs from the final one and surface its 
[2026-05-11 19:49:12.509] [INIT].... → Crawl4AI 0.8.6 
[2026-05-11 19:49:17.432] [ANTIBOT]. ℹ https://www.makaan.com/...perty-in-bangalore-city  | Error: Proxy direct failed: Failed on navigating ACS-GOTO:
Page.goto: net::ERR_PROXY_CONNECTION_FAILED at https://www.makaan.com/bangalore-residential-property/buy-property-in-bangalore-city
Call log:
  - navigating to "https://www.makaan.com/bangalore-residential-property/buy-property-in-bangalore-city", waiting until "domcontentloaded"
 
[2026-05-11 19:49:17.494] [ERROR]... × https://www.makaan.com/...perty-in-bangalore-city  | Error: Unexpected error in _crawl_web at line 778 in _crawl_web (..\crawl4ai\crawl4ai\async_crawler_strategy.py):
Error: Failed on navigating ACS-GOTO:
Page.goto: net::ERR_PROXY_CONNECTION_FAILED at https://www.makaan.com/bangalore-residential-property/buy-property-in-bangalore-city
Call log:
  - navigating to "https://www.makaan.com/bangalore-residential-property/buy-property-in-bangalore-city", waiting until "domcontentloaded"


Code context:
 773                                   tag="GOTO",
 774                                   params={"url": url},
 775                               )
 776                               response = None
 777                           else:
 778 →                             raise RuntimeError(f"Failed on navigating ACS-GOTO:\n{str(e)}")
 779   
 780                       # ──────────────────────────────────────────────────────────────
 781                       # Walk the redirect chain.  Playwright returns only the last
 782                       # hop, so we trace the `request.redirected_from` links until the
 783                       # first response that differs from the final one and surface its 
[2026-05-11 19:49:32.538] [INIT].... → Crawl4AI 0.8.6 
[2026-05-11 19:49:36.611] [ANTIBOT]. ℹ https://www.makaan.com/...perty-in-bangalore-city  | Error: Proxy direct failed: Failed on navigating ACS-GOTO:
Page.goto: net::ERR_PROXY_CONNECTION_FAILED at https://www.makaan.com/bangalore-residential-property/buy-property-in-bangalore-city
Call log:
  - navigating to "https://www.makaan.com/bangalore-residential-property/buy-property-in-bangalore-city", waiting until "domcontentloaded"
 
[2026-05-11 19:49:36.664] [ERROR]... × https://www.makaan.com/...perty-in-bangalore-city  | Error: Unexpected error in _crawl_web at line 778 in _crawl_web (..\crawl4ai\crawl4ai\async_crawler_strategy.py):
Error: Failed on navigating ACS-GOTO:
Page.goto: net::ERR_PROXY_CONNECTION_FAILED at https://www.makaan.com/bangalore-residential-property/buy-property-in-bangalore-city
Call log:
  - navigating to "https://www.makaan.com/bangalore-residential-property/buy-property-in-bangalore-city", waiting until "domcontentloaded"


Code context:
 773                                   tag="GOTO",
 774                                   params={"url": url},
 775                               )
 776                               response = None
 777                           else:
 778 →                             raise RuntimeError(f"Failed on navigating ACS-GOTO:\n{str(e)}")
 779   
 780                       # ──────────────────────────────────────────────────────────────
 781                       # Walk the redirect chain.  Playwright returns only the last
 782                       # hop, so we trace the `request.redirected_from` links until the
 783                       # first response that differs from the final one and surface its 
[2026-05-11 19:49:39.227] [INIT].... → Crawl4AI 0.8.6 
[2026-05-11 19:49:43.253] [ANTIBOT]. ℹ https://www.makaan.com/...perty-in-bangalore-city  | Error: Proxy direct failed: Failed on navigating ACS-GOTO:
Page.goto: net::ERR_PROXY_CONNECTION_FAILED at https://www.makaan.com/bangalore-residential-property/buy-property-in-bangalore-city
Call log:
  - navigating to "https://www.makaan.com/bangalore-residential-property/buy-property-in-bangalore-city", waiting until "domcontentloaded"
 
[2026-05-11 19:49:43.298] [ERROR]... × https://www.makaan.com/...perty-in-bangalore-city  | Error: Unexpected error in _crawl_web at line 778 in _crawl_web (..\crawl4ai\crawl4ai\async_crawler_strategy.py):
Error: Failed on navigating ACS-GOTO:
Page.goto: net::ERR_PROXY_CONNECTION_FAILED at https://www.makaan.com/bangalore-residential-property/buy-property-in-bangalore-city
Call log:
  - navigating to "https://www.makaan.com/bangalore-residential-property/buy-property-in-bangalore-city", waiting until "domcontentloaded"


Code context:
 773                                   tag="GOTO",
 774                                   params={"url": url},
 775                               )
 776                               response = None
 777                           else:
 778 →                             raise RuntimeError(f"Failed on navigating ACS-GOTO:\n{str(e)}")
 779   
 780                       # ──────────────────────────────────────────────────────────────
 781                       # Walk the redirect chain.  Playwright returns only the last
 782                       # hop, so we trace the `request.redirected_from` links until the
 783                       # first response that differs from the final one and surface its 
[2026-05-11 19:49:45.707] [INIT].... → Crawl4AI 0.8.6 
[2026-05-11 19:49:49.743] [ANTIBOT]. ℹ https://www.makaan.com/...perty-in-bangalore-city  | Error: Proxy direct failed: Failed on navigating ACS-GOTO:
Page.goto: net::ERR_PROXY_CONNECTION_FAILED at https://www.makaan.com/bangalore-residential-property/buy-property-in-bangalore-city
Call log:
  - navigating to "https://www.makaan.com/bangalore-residential-property/buy-property-in-bangalore-city", waiting until "domcontentloaded"
 
[2026-05-11 19:49:49.789] [ERROR]... × https://www.makaan.com/...perty-in-bangalore-city  | Error: Unexpected error in _crawl_web at line 778 in _crawl_web (..\crawl4ai\crawl4ai\async_crawler_strategy.py):
Error: Failed on navigating ACS-GOTO:
Page.goto: net::ERR_PROXY_CONNECTION_FAILED at https://www.makaan.com/bangalore-residential-property/buy-property-in-bangalore-city
Call log:
  - navigating to "https://www.makaan.com/bangalore-residential-property/buy-property-in-bangalore-city", waiting until "domcontentloaded"


Code context:
 773                                   tag="GOTO",
 774                                   params={"url": url},
 775                               )
 776                               response = None
 777                           else:
 778 →                             raise RuntimeError(f"Failed on navigating ACS-GOTO:\n{str(e)}")
 779   
 780                       # ──────────────────────────────────────────────────────────────
 781                       # Walk the redirect chain.  Playwright returns only the last
 782                       # hop, so we trace the `request.redirected_from` links until the
 783                       # first response that differs from the final one and surface its 
